do@do-Inspiron-3576:~$ is /usr/bin | grep '\<a-z>*list[a-z]*\>'
is: command not found
do@do-Inspiron-3576:~$ wc -l /etc/passwd
40 /etc/passwd
do@do-Inspiron-3576:~$ free -m
              total        used        free      shared  buff/cache   available
Mem:           3809        1345         263         251        2199        1985
Swap:          3122           0        3122
do@do-Inspiron-3576:~$ cat /proc/cpuinfo
processor	: 0
vendor_id	: GenuineIntel
cpu family	: 6
model		: 142
model name	: Intel(R) Core(TM) i5-8250U CPU @ 1.60GHz
stepping	: 10
microcode	: 0x96
cpu MHz		: 800.009
cache size	: 6144 KB
do@do-Inspiron-3576:~$ find / -type f -name "*.jpg"
find: ‘/boot/efi’: Permission denied
/usr/lib/libreoffice/share/gallery/www-back/sand.jpg
/usr/lib/libreoffice/share/gallery/www-back/pool.jpg
/usr/lib/libreoffice/share/gallery/www-back/aqua.jpg
/usr/lib/libreoffice/share/gallery/www-back/pattern.jpg
/usr/lib/libreoffice/share/gallery/www-back/chocolate.jpg
/usr/lib/libreoffice/share/gallery/www-back/lawn.jpg
/usr/lib/libreoffice/share/gallery/www-back/lightblue-wet.jpg
/usr/lib/libreoffice/share/gallery/www-back/lino-green.jpg
/usr/lib/libreoffice/share/gallery/www-back/wood.jpg

